Using bundled DotNet SDK version: 8.0.412 win-x64
Running UnrealBuildTool: dotnet "..\..\Engine\Binaries\DotNET\UnrealBuildTool\UnrealBuildTool.dll" CryptCraftEditor Win64 Development "C:\Users\danno\Documents\Unreal Projects\CryptCraft 5.7\CryptCraft.uproject" -WaitMutex
Log file: C:\Users\danno\AppData\Local\UnrealBuildTool\Log.txt
Using 'git status' to determine working set for adaptive non-unity build (C:\Users\danno\Documents\Unreal Projects\CryptCraft 5.7).
Building CryptCraftEditor...
Using Visual Studio 2026 14.50.35724 toolchain (C:\Program Files\Microsoft Visual Studio\18\Community\VC\Tools\MSVC\14.50.35717) and Windows 10.0.26100.0 SDK (C:\Program Files (x86)\Windows Kits\10).
Warning: Visual Studio 2026 compiler is not a preferred version
[Adaptive Build] Excluded from CryptCraft unity file: CryptWorldCharacter.cpp, LayerPrimordialCavern.cpp
Determining max actions to execute in parallel (8 physical cores, 16 logical cores)
  Executing up to 8 processes, one per physical core
Using Unreal Build Accelerator local executor to run 4 action(s)
  Storage capacity 40Gb
---- Starting trace: 260624_165932 ----
UbaSessionServer - Disable remote execution (remote sessions will finish current processes)
[1/4] Compile [x64] LayerPrimordialCavern.cpp
C:\Users\danno\Documents\Unreal Projects\CryptCraft 5.7\Source\CryptCraft\Voxel\WorldGen\LayerPrimordialCavern.cpp(542,8): error C2065: 'DebugInfo': undeclared identifier
			if (DebugInfo.ShapeValue > PeakShapeValue)
			    ^
C:\Users\danno\Documents\Unreal Projects\CryptCraft 5.7\Source\CryptCraft\Voxel\WorldGen\LayerPrimordialCavern.cpp(544,22): error C2065: 'DebugInfo': undeclared identifier
				PeakShapeValue = DebugInfo.ShapeValue;
				                 ^
C:\Users\danno\Documents\Unreal Projects\CryptCraft 5.7\Source\CryptCraft\Voxel\WorldGen\LayerPrimordialCavern.cpp(545,24): error C2065: 'DebugInfo': undeclared identifier
				PeakMountainMask = DebugInfo.MountainMask;
				                   ^
C:\Users\danno\Documents\Unreal Projects\CryptCraft 5.7\Source\CryptCraft\Voxel\WorldGen\LayerPrimordialCavern.cpp(547,18): error C2065: 'ScanY': undeclared identifier
				PeakBlockY = ScanY;
				             ^
C:\Users\danno\Documents\Unreal Projects\CryptCraft 5.7\Source\CryptCraft\Voxel\WorldGen\LayerPrimordialCavern.cpp(548,17): error C2065: 'DebugInfo': undeclared identifier
				PeakBiome = DebugInfo.Biome;
				            ^
C:\Users\danno\Documents\Unreal Projects\CryptCraft 5.7\Source\CryptCraft\Voxel\WorldGen\LayerPrimordialCavern.cpp(553,2): error C2447: '{': missing function header (old-style formal list?)
	UE_LOG(LogTemp, Warning, TEXT("Grid Scan Results:"));
	^
C:\Users\danno\Documents\Unreal Projects\CryptCraft 5.7\Source\CryptCraft\Voxel\WorldGen\LayerPrimordialCavern.cpp(554,2): error C2447: '{': missing function header (old-style formal list?)
	UE_LOG(LogTemp, Warning, TEXT("  Samples analyzed: %d"), SamplesAnalyzed);
	^
C:\Users\danno\Documents\Unreal Projects\CryptCraft 5.7\Source\CryptCraft\Voxel\WorldGen\LayerPrimordialCavern.cpp(555,2): error C2447: '{': missing function header (old-style formal list?)
	UE_LOG(LogTemp, Warning, TEXT("  Land samples: %d (%.1f%%)"), LandSamples, (LandSamples * 100.f / SamplesAnalyzed));
	^
C:\Users\danno\Documents\Unreal Projects\CryptCraft 5.7\Source\CryptCraft\Voxel\WorldGen\LayerPrimordialCavern.cpp(556,2): error C2447: '{': missing function header (old-style formal list?)
	UE_LOG(LogTemp, Warning, TEXT("  Mountain samples: %d (%.1f%%)"), MountainSamples, (MountainSamples * 100.f / SamplesAnalyzed));
	^
C:\Users\danno\Documents\Unreal Projects\CryptCraft 5.7\Source\CryptCraft\Voxel\WorldGen\LayerPrimordialCavern.cpp(557,2): error C2447: '{': missing function header (old-style formal list?)
	UE_LOG(LogTemp, Warning, TEXT(""));
	^
C:\Users\danno\Documents\Unreal Projects\CryptCraft 5.7\Source\CryptCraft\Voxel\WorldGen\LayerPrimordialCavern.cpp(558,2): error C2447: '{': missing function header (old-style formal list?)
	UE_LOG(LogTemp, Warning, TEXT("SHAPEVALUE BAND BREAKDOWN (MountainMask > 0.9 pass rates):"));
	^
C:\Users\danno\Documents\Unreal Projects\CryptCraft 5.7\Source\CryptCraft\Voxel\WorldGen\LayerPrimordialCavern.cpp(559,2): error C2447: '{': missing function header (old-style formal list?)
	UE_LOG(LogTemp, Warning, TEXT("  [0.60, 0.65): %d samples, %d pass (%.1f%%)"), 
	^
C:\Users\danno\Documents\Unreal Projects\CryptCraft 5.7\Source\CryptCraft\Voxel\WorldGen\LayerPrimordialCavern.cpp(561,2): error C2447: '{': missing function header (old-style formal list?)
	UE_LOG(LogTemp, Warning, TEXT("  [0.65, 0.70): %d samples, %d pass (%.1f%%)"), 
	^
C:\Users\danno\Documents\Unreal Projects\CryptCraft 5.7\Source\CryptCraft\Voxel\WorldGen\LayerPrimordialCavern.cpp(563,2): error C2447: '{': missing function header (old-style formal list?)
	UE_LOG(LogTemp, Warning, TEXT("  [0.70, 0.75): %d samples, %d pass (%.1f%%)"), 
	^
C:\Users\danno\Documents\Unreal Projects\CryptCraft 5.7\Source\CryptCraft\Voxel\WorldGen\LayerPrimordialCavern.cpp(565,2): error C2447: '{': missing function header (old-style formal list?)
	UE_LOG(LogTemp, Warning, TEXT("  [0.75, 0.78): %d samples, %d pass (%.1f%%)"), 
	^
C:\Users\danno\Documents\Unreal Projects\CryptCraft 5.7\Source\CryptCraft\Voxel\WorldGen\LayerPrimordialCavern.cpp(567,2): error C2447: '{': missing function header (old-style formal list?)
	UE_LOG(LogTemp, Warning, TEXT("  [0.78, +∞):  %d samples, %d pass (%.1f%%)"), 
	^
C:\Users\danno\Documents\Unreal Projects\CryptCraft 5.7\Source\CryptCraft\Voxel\WorldGen\LayerPrimordialCavern.cpp(569,2): error C2447: '{': missing function header (old-style formal list?)
	UE_LOG(LogTemp, Warning, TEXT("  ─────────────────────────────────────────────────────────"));
	^
C:\Users\danno\Documents\Unreal Projects\CryptCraft 5.7\Source\CryptCraft\Voxel\WorldGen\LayerPrimordialCavern.cpp(570,2): error C2447: '{': missing function header (old-style formal list?)
	UE_LOG(LogTemp, Warning, TEXT("  [0.60, +∞):  %d samples, %d pass (%.1f%% overall)"), 
	^
C:\Users\danno\Documents\Unreal Projects\CryptCraft 5.7\Source\CryptCraft\Voxel\WorldGen\LayerPrimordialCavern.cpp(572,2): error C2447: '{': missing function header (old-style formal list?)
	UE_LOG(LogTemp, Warning, TEXT(""));
	^
C:\Users\danno\Documents\Unreal Projects\CryptCraft 5.7\Source\CryptCraft\Voxel\WorldGen\LayerPrimordialCavern.cpp(573,2): error C2447: '{': missing function header (old-style formal list?)
	UE_LOG(LogTemp, Warning, TEXT("MOUNTAINMASK THRESHOLD CANDIDATES (for ShapeValue >= 0.78 only):"));
	^
C:\Users\danno\Documents\Unreal Projects\CryptCraft 5.7\Source\CryptCraft\Voxel\WorldGen\LayerPrimordialCavern.cpp(574,2): error C2447: '{': missing function header (old-style formal list?)
	UE_LOG(LogTemp, Warning, TEXT("  Total [0.78, +∞) samples: %d"), Band_078_Total);
	^
C:\Users\danno\Documents\Unreal Projects\CryptCraft 5.7\Source\CryptCraft\Voxel\WorldGen\LayerPrimordialCavern.cpp(575,2): error C2447: '{': missing function header (old-style formal list?)
	UE_LOG(LogTemp, Warning, TEXT("  MountainMask > 0.50: %d pass (%.1f%%)"), 
	^
C:\Users\danno\Documents\Unreal Projects\CryptCraft 5.7\Source\CryptCraft\Voxel\WorldGen\LayerPrimordialCavern.cpp(577,2): error C2447: '{': missing function header (old-style formal list?)
	UE_LOG(LogTemp, Warning, TEXT("  MountainMask > 0.60: %d pass (%.1f%%)"), 
	^
C:\Users\danno\Documents\Unreal Projects\CryptCraft 5.7\Source\CryptCraft\Voxel\WorldGen\LayerPrimordialCavern.cpp(579,2): error C2447: '{': missing function header (old-style formal list?)
	UE_LOG(LogTemp, Warning, TEXT("  MountainMask > 0.70: %d pass (%.1f%%)"), 
	^
C:\Users\danno\Documents\Unreal Projects\CryptCraft 5.7\Source\CryptCraft\Voxel\WorldGen\LayerPrimordialCavern.cpp(581,2): error C2447: '{': missing function header (old-style formal list?)
	UE_LOG(LogTemp, Warning, TEXT("  MountainMask > 0.75: %d pass (%.1f%%)"), 
	^
C:\Users\danno\Documents\Unreal Projects\CryptCraft 5.7\Source\CryptCraft\Voxel\WorldGen\LayerPrimordialCavern.cpp(583,2): error C2447: '{': missing function header (old-style formal list?)
	UE_LOG(LogTemp, Warning, TEXT("  MountainMask > 0.80: %d pass (%.1f%%)"), 
	^
C:\Users\danno\Documents\Unreal Projects\CryptCraft 5.7\Source\CryptCraft\Voxel\WorldGen\LayerPrimordialCavern.cpp(585,2): error C2447: '{': missing function header (old-style formal list?)
	UE_LOG(LogTemp, Warning, TEXT("  MountainMask > 0.85: %d pass (%.1f%%)"), 
	^
C:\Users\danno\Documents\Unreal Projects\CryptCraft 5.7\Source\CryptCraft\Voxel\WorldGen\LayerPrimordialCavern.cpp(587,2): error C2447: '{': missing function header (old-style formal list?)
	UE_LOG(LogTemp, Warning, TEXT("  MountainMask > 0.90: %d pass (%.1f%%)"), 
	^
C:\Users\danno\Documents\Unreal Projects\CryptCraft 5.7\Source\CryptCraft\Voxel\WorldGen\LayerPrimordialCavern.cpp(589,2): error C2447: '{': missing function header (old-style formal list?)
	UE_LOG(LogTemp, Warning, TEXT(""));
	^
C:\Users\danno\Documents\Unreal Projects\CryptCraft 5.7\Source\CryptCraft\Voxel\WorldGen\LayerPrimordialCavern.cpp(590,2): error C2447: '{': missing function header (old-style formal list?)
	UE_LOG(LogTemp, Warning, TEXT("HIGHEST PEAK FOUND:"));
	^
C:\Users\danno\Documents\Unreal Projects\CryptCraft 5.7\Source\CryptCraft\Voxel\WorldGen\LayerPrimordialCavern.cpp(591,2): error C2447: '{': missing function header (old-style formal list?)
	UE_LOG(LogTemp, Warning, TEXT("  Location: BlockX=%.2f BlockY=%.2f (WorldX=%.2f WorldY=%.2f)"), 
	^
C:\Users\danno\Documents\Unreal Projects\CryptCraft 5.7\Source\CryptCraft\Voxel\WorldGen\LayerPrimordialCavern.cpp(593,2): error C2447: '{': missing function header (old-style formal list?)
	UE_LOG(LogTemp, Warning, TEXT("  ShapeValue: %.4f"), PeakShapeValue);
	^
C:\Users\danno\Documents\Unreal Projects\CryptCraft 5.7\Source\CryptCraft\Voxel\WorldGen\LayerPrimordialCavern.cpp(594,2): error C2447: '{': missing function header (old-style formal list?)
	UE_LOG(LogTemp, Warning, TEXT("  MountainMask: %.4f"), PeakMountainMask);
	^
C:\Users\danno\Documents\Unreal Projects\CryptCraft 5.7\Source\CryptCraft\Voxel\WorldGen\LayerPrimordialCavern.cpp(595,2): error C2447: '{': missing function header (old-style formal list?)
	UE_LOG(LogTemp, Warning, TEXT("  Biome: %s"), *GetBiomeDisplayName(PeakBiome));
	^
C:\Users\danno\Documents\Unreal Projects\CryptCraft 5.7\Source\CryptCraft\Voxel\WorldGen\LayerPrimordialCavern.cpp(597,2): error C2059: syntax error: 'if'
	if (PeakShapeValue >= 0.78f && PeakMountainMask > 0.9f)
	^
C:\Users\danno\Documents\Unreal Projects\CryptCraft 5.7\Source\CryptCraft\Voxel\WorldGen\LayerPrimordialCavern.cpp(598,2): error C2143: syntax error: missing ';' before '{'
	{
	^
C:\Users\danno\Documents\Unreal Projects\CryptCraft 5.7\Source\CryptCraft\Voxel\WorldGen\LayerPrimordialCavern.cpp(598,2): error C2447: '{': missing function header (old-style formal list?)
C:\Users\danno\Documents\Unreal Projects\CryptCraft 5.7\Source\CryptCraft\Voxel\WorldGen\LayerPrimordialCavern.cpp(603,2): error C2059: syntax error: 'else'
	else if (PeakShapeValue >= 0.78f && PeakMountainMask <= 0.9f)
	^
C:\Users\danno\Documents\Unreal Projects\CryptCraft 5.7\Source\CryptCraft\Voxel\WorldGen\LayerPrimordialCavern.cpp(604,2): error C2143: syntax error: missing ';' before '{'
	{
	^
C:\Users\danno\Documents\Unreal Projects\CryptCraft 5.7\Source\CryptCraft\Voxel\WorldGen\LayerPrimordialCavern.cpp(604,2): error C2447: '{': missing function header (old-style formal list?)
C:\Users\danno\Documents\Unreal Projects\CryptCraft 5.7\Source\CryptCraft\Voxel\WorldGen\LayerPrimordialCavern.cpp(607,2): error C2059: syntax error: 'else'
	else if (PeakShapeValue > 0.50f)
	^
C:\Users\danno\Documents\Unreal Projects\CryptCraft 5.7\Source\CryptCraft\Voxel\WorldGen\LayerPrimordialCavern.cpp(608,2): error C2143: syntax error: missing ';' before '{'
	{
	^
C:\Users\danno\Documents\Unreal Projects\CryptCraft 5.7\Source\CryptCraft\Voxel\WorldGen\LayerPrimordialCavern.cpp(608,2): error C2447: '{': missing function header (old-style formal list?)
C:\Users\danno\Documents\Unreal Projects\CryptCraft 5.7\Source\CryptCraft\Voxel\WorldGen\LayerPrimordialCavern.cpp(611,2): error C2059: syntax error: 'else'
	else
	^
C:\Users\danno\Documents\Unreal Projects\CryptCraft 5.7\Source\CryptCraft\Voxel\WorldGen\LayerPrimordialCavern.cpp(612,2): error C2143: syntax error: missing ';' before '{'
	{
	^
C:\Users\danno\Documents\Unreal Projects\CryptCraft 5.7\Source\CryptCraft\Voxel\WorldGen\LayerPrimordialCavern.cpp(612,2): error C2447: '{': missing function header (old-style formal list?)
C:\Users\danno\Documents\Unreal Projects\CryptCraft 5.7\Source\CryptCraft\Voxel\WorldGen\LayerPrimordialCavern.cpp(616,2): error C2447: '{': missing function header (old-style formal list?)
	UE_LOG(LogTemp, Warning, TEXT("========================================"));
	^
C:\Users\danno\Documents\Unreal Projects\CryptCraft 5.7\Source\CryptCraft\Voxel\WorldGen\LayerPrimordialCavern.cpp(617,1): error C2059: syntax error: '}'
}
^
C:\Users\danno\Documents\Unreal Projects\CryptCraft 5.7\Source\CryptCraft\Voxel\WorldGen\LayerPrimordialCavern.cpp(617,1): error C2143: syntax error: missing ';' before '}'
C:\Users\danno\Documents\Unreal Projects\CryptCraft 5.7\Source\CryptCraft\Voxel\WorldGen\LayerPrimordialCavern.cpp(680,21): error C2065: 'TERRAIN_START_Z': undeclared identifier
	if (LocalChunkZ >= TERRAIN_START_Z && LocalChunkZ <= TERRAIN_END_Z)
	                   ^
Trace written to file C:/Users/danno/AppData/Local/UnrealBuildTool/Log.uba with size 11.2kb
Total time in Unreal Build Accelerator local executor: 0.39 seconds

Result: Failed (OtherCompilationError)
Total execution time: 1.05 seconds
